[themesflat.co/html/jobtex/home-09.html]
[backblue.gif]
[fade.gif]
[index.html]
[themesflat.co/html/jobtex/images/favicon.png]
[themesflat.co/html/jobtex/home-01.html]
[themesflat.co/html/jobtex/images/logo.png]
[themesflat.co/html/jobtex/Home-02.html]
[themesflat.co/html/jobtex/home-03.html]
[themesflat.co/html/jobtex/home-04.html]
[themesflat.co/html/jobtex/home-06.html]
[themesflat.co/html/jobtex/home-05.html]
[themesflat.co/html/jobtex/home-07.html]
[themesflat.co/html/jobtex/home-08.html]
[themesflat.co/html/jobtex/find-jobs-list.html]
[themesflat.co/html/jobtex/home-10.html]
[themesflat.co/html/jobtex/find-jobs-grid.html]
[themesflat.co/html/jobtex/find-jobs-list-sidebar.html]
[themesflat.co/html/jobtex/find-jobs-grid-sidebar.html]
[themesflat.co/html/jobtex/find-jobs-list-sidebar-fullwidth.html]
[themesflat.co/html/jobtex/find-jobs-grid-sidebar-fullwidth.html]
[themesflat.co/html/jobtex/find-jobs-topmap.html]
[themesflat.co/html/jobtex/find-jobs-topmap-sidebar.html]
[themesflat.co/html/jobtex/find-jobs-half-map.html]
[themesflat.co/html/jobtex/find-jobs-half-map2.html]
[themesflat.co/html/jobtex/jobs-single.html]
[themesflat.co/html/jobtex/jobs-single2.html]
[themesflat.co/html/jobtex/employers-list.html]
[themesflat.co/html/jobtex/employers_grid.html]
[themesflat.co/html/jobtex/employers-list-sidebar.html]
[themesflat.co/html/jobtex/employers-grid-sidebar.html]
[themesflat.co/html/jobtex/employers-grid-fullwidth.html]
[themesflat.co/html/jobtex/employers-topmap.html]
[themesflat.co/html/jobtex/employers-half-map.html]
[themesflat.co/html/jobtex/employers-single.html]
[themesflat.co/html/jobtex/employers-single2.html]
[themesflat.co/html/jobtex/employers-review.html]
[themesflat.co/html/jobtex/employers-not-pound.html]
[themesflat.co/html/jobtex/dashboard/employer-dashboard.html]
[themesflat.co/html/jobtex/candidate.html]
[themesflat.co/html/jobtex/candidate-grid.html]
[themesflat.co/html/jobtex/candidate-list-sidebar.html]
[themesflat.co/html/jobtex/candidate-top-map.html]
[themesflat.co/html/jobtex/candidate-half-map.html]
[themesflat.co/html/jobtex/candidate-no-available.html]
[themesflat.co/html/jobtex/candidate-no-available2.html]
[themesflat.co/html/jobtex/candidate-single.html]
[themesflat.co/html/jobtex/candidate-single2.html]
[themesflat.co/html/jobtex/sample-cv.html]
[themesflat.co/html/jobtex/sample-cv-sidebar.html]
[themesflat.co/html/jobtex/cv-details.html]
[themesflat.co/html/jobtex/dashboard/candidates-dashboard.html]
[themesflat.co/html/jobtex/blog.html]
[themesflat.co/html/jobtex/blog-grid.html]
[themesflat.co/html/jobtex/blog-masonry.html]
[themesflat.co/html/jobtex/blog-detail.html]
[themesflat.co/html/jobtex/blog-detail-01.html]
[themesflat.co/html/jobtex/blog-detail-side-bar.html]
[themesflat.co/html/jobtex/about-us.html]
[themesflat.co/html/jobtex/accordion-page.html]
[themesflat.co/html/jobtex/term-of-use.html]
[themesflat.co/html/jobtex/pricing.html]
[themesflat.co/html/jobtex/shop.html]
[themesflat.co/html/jobtex/shopping-cart.html]
[themesflat.co/html/jobtex/shop-details.html]
[themesflat.co/html/jobtex/checkout.html]
[themesflat.co/html/jobtex/login.html]
[themesflat.co/html/jobtex/create-account.html]
[themesflat.co/html/jobtex/contact-us.html]
[themesflat.co/html/jobtex/modal.html]
[themesflat.co/html/jobtex/images/review/shape6.png]
[themesflat.co/html/jobtex/images/review/bran4.jpg]
[themesflat.co/html/jobtex/images/review/bran1.jpg]
[themesflat.co/html/jobtex/images/review/bran2.jpg]
[themesflat.co/html/jobtex/images/review/bran3.jpg]
[themesflat.co/html/jobtex/images/review/thumb7.png]
[themesflat.co/html/jobtex/images/review/shape5.png]
[themesflat.co/html/jobtex/images/review/icon11.png]
[themesflat.co/html/jobtex/images/review/icon22.png]
[themesflat.co/html/jobtex/images/review/icon3.png]
[themesflat.co/html/jobtex/images/review/icon2.png]
[themesflat.co/html/jobtex/job-single.56.delayed]
[themesflat.co/html/jobtex/images/logo-company/cty8.png]
[themesflat.co/html/jobtex/images/logo-company/cty11.png]
[themesflat.co/html/jobtex/images/logo-company/cty7.png]
[themesflat.co/html/jobtex/images/logo-company/cty4.png]
[themesflat.co/html/jobtex/images/logo-company/cty9.png]
[themesflat.co/html/jobtex/images/logo-company/cty2.png]
[themesflat.co/html/jobtex/images/review/user11.png]
[themesflat.co/html/jobtex/images/review/user22.png]
[themesflat.co/html/jobtex/images/review/user33.png]
[themesflat.co/html/jobtex/images/review/user44.png]
[themesflat.co/html/jobtex/images/review/thumb3.png]
[themesflat.co/html/jobtex/images/review/shape2.png]
[themesflat.co/html/jobtex/images/review/icon33.png]
[themesflat.co/html/jobtex/images/review/phone.png]
[themesflat.co/html/jobtex/images/review/btn2.png]
[themesflat.co/html/jobtex/images/review/btn1.png]
[themesflat.co/html/jobtex/images/partners/Logo.png]
[themesflat.co/html/jobtex/images/partners/Logo-1.png]
[themesflat.co/html/jobtex/images/partners/Logo-2.png]
[themesflat.co/html/jobtex/images/partners/Logo-3.png]
[themesflat.co/html/jobtex/images/partners/Logo-4.png]
[themesflat.co/html/jobtex/images/partners/Logo-5.png]
[themesflat.co/html/jobtex/dashboard.html]
[themesflat.co/html/jobtex/images/review/btn3.png]
[themesflat.co/html/jobtex/images/review/btn4.png]
[themesflat.co/html/jobtex/images/review/flag.png]
[themesflat.co/html/jobtex/images/review/flag3.png]
[themesflat.co/html/jobtex/images/review/flag2.png]
[themesflat.co/html/jobtex/javascript/jquery.min.js]
[themesflat.co/html/jobtex/javascript/swiper-bundle.min.js]
[themesflat.co/html/jobtex/javascript/bootstrap.min.js]
[themesflat.co/html/jobtex/javascript/boostrap-select.min.js]
[themesflat.co/html/jobtex/javascript/jquery.nice-select.min.js]
[themesflat.co/html/jobtex/javascript/countto.js]
[themesflat.co/html/jobtex/javascript/wow.min.js]
[themesflat.co/html/jobtex/javascript/swiper.js]
[themesflat.co/html/jobtex/javascript/plugin.min.js]
[themesflat.co/html/jobtex/javascript/jquery.cookie.js]
[themesflat.co/html/jobtex/javascript/switcher.js]
[themesflat.co/html/jobtex/javascript/main.js]
[themesflat.co/html/jobtex/home-09.html]
[themesflat.co/html/jobtex/fonts/fonts.css]
[themesflat.co/html/jobtex/stylesheets/bootstrap.min.css]
[themesflat.co/html/jobtex/stylesheets/boostrap-select.min.css]
[themesflat.co/html/jobtex/stylesheets/swiper-bundle.min.css]
[themesflat.co/html/jobtex/images/slider/landing-slider.jpg]
[themesflat.co/html/jobtex/images/slider/slider1.jpg]
[themesflat.co/html/jobtex/images/slider/slider2.jpg]
[themesflat.co/html/jobtex/images/slider/slider3.jpg]
[themesflat.co/html/jobtex/images/slider/slider4.jpg]
[themesflat.co/html/jobtex/images/review/banner-star.jpg]
[themesflat.co/html/jobtex/images/review/icon-close.png]
[themesflat.co/html/jobtex/images/review/sl1.jpg]
[themesflat.co/html/jobtex/images/review/sl2.jpg]
[themesflat.co/html/jobtex/images/review/sl3.jpg]
[themesflat.co/html/jobtex/images/review/sl4.jpg]
[themesflat.co/html/jobtex/images/review/banner.jpg]
[themesflat.co/html/jobtex/images/page-title/bg-author-page-title.jpg]
[themesflat.co/html/jobtex/images/partners/CTA.png]
[themesflat.co/html/jobtex/images/partners/couter.png]
[themesflat.co/html/jobtex/stylesheets/images/resource/company-logo/3-1.93.delayed]
[themesflat.co/html/jobtex/images/slider/landing-footer.jpg]
[themesflat.co/html/jobtex/stylesheets/shortcodes.css]
[themesflat.co/html/jobtex/images/page-title/blog-detail.jpg]
[themesflat.co/html/jobtex/stylesheets/style.css]
[themesflat.co/html/jobtex/stylesheets/colors/color1.css]
[themesflat.co/html/jobtex/stylesheets/responsive.css]
[themesflat.co/html/jobtex/images/review/bg-popup.jpg]
[themesflat.co/html/jobtex/dashboard/candidates-resumes.html]
[themesflat.co/html/jobtex/images/logo-white.png]
[themesflat.co/html/jobtex/images/user/avatar/image-01.jpg]
[themesflat.co/html/jobtex/dashboard/candidates-profile-setting.html]
[themesflat.co/html/jobtex/dashboard/candidates-my-applied.html]
[themesflat.co/html/jobtex/dashboard/candidates-save-jobs.html]
[themesflat.co/html/jobtex/dashboard/candidates-alerts-jobs.html]
[themesflat.co/html/jobtex/dashboard/candidates-messages.html]
[themesflat.co/html/jobtex/dashboard/candidates-following-employers.html]
[themesflat.co/html/jobtex/dashboard/candidates-meetings.html]
[themesflat.co/html/jobtex/dashboard/candidates-change-passwords.html]
[themesflat.co/html/jobtex/dashboard/candidates-delete-profile.html]
[themesflat.co/html/jobtex/images/logo-company/cty16.png]
[themesflat.co/html/jobtex/images/logo-company/cty17.png]
[themesflat.co/html/jobtex/images/logo-company/cty10.png]
[themesflat.co/html/jobtex/images/logo-company/cty13.png]
[themesflat.co/html/jobtex/images/logo-company/cty14.png]
[themesflat.co/html/jobtex/images/logo-company/cty15.png]
[themesflat.co/html/jobtex/images/logo-company/cty12.png]
[themesflat.co/html/jobtex/images/logo-company/cty6.png]
[themesflat.co/html/jobtex/images/logo-company/cty3.png]
[themesflat.co/html/jobtex/images/review/testimonials.jpg]
[themesflat.co/html/jobtex/javascript/parallax.js]
[themesflat.co/html/jobtex/home-01.html]
[themesflat.co/html/jobtex/dashboard/employer-my-job.html]
[themesflat.co/html/jobtex/dashboard/employer-profile.html]
[themesflat.co/html/jobtex/dashboard/employer-submit-job.html]
[themesflat.co/html/jobtex/dashboard/employer-saved-candidates.html]
[themesflat.co/html/jobtex/dashboard/employer-alerts-candidate.html]
[themesflat.co/html/jobtex/dashboard/employer-my-packages.html]
[themesflat.co/html/jobtex/dashboard/employer-messages.html]
[themesflat.co/html/jobtex/dashboard/employer-meetings.html]
[themesflat.co/html/jobtex/dashboard/employer-change-passwords.html]
[themesflat.co/html/jobtex/dashboard/employer-delete-profile.html]
[themesflat.co/html/jobtex/images/logo-company/cty1.png]
[themesflat.co/html/jobtex/images/review/thumbv3.jpg]
[themesflat.co/html/jobtex/images/review/thumbv4.jpg]
[themesflat.co/html/jobtex/images/review/thumbv1.jpg]
[themesflat.co/html/jobtex/images/review/thumbv2.jpg]
[themesflat.co/html/jobtex/images/review/avt.jpg]
[themesflat.co/html/jobtex/images/logo-company/cty5.png]
[themesflat.co/html/jobtex/javascript/jquery.fancybox.js]
[themesflat.co/html/jobtex/Home-02.html]
[themesflat.co/html/jobtex/images/review/thumb4.png]
[themesflat.co/html/jobtex/images/review/client.jpg]
[themesflat.co/html/jobtex/images/review/icon4.png]
[themesflat.co/html/jobtex/images/review/lo1.jpg]
[themesflat.co/html/jobtex/images/review/lo2.jpg]
[themesflat.co/html/jobtex/images/review/lo3.jpg]
[themesflat.co/html/jobtex/images/review/lo4.jpg]
[themesflat.co/html/jobtex/images/review/lo5.jpg]
[themesflat.co/html/jobtex/images/review/lo6.jpg]
[themesflat.co/html/jobtex/images/review/thumb-review.png]
[themesflat.co/html/jobtex/images/review/user1.jpg]
[themesflat.co/html/jobtex/images/review/user2.jpg]
[themesflat.co/html/jobtex/images/review/user3.jpg]
[themesflat.co/html/jobtex/images/review/user4.jpg]
[themesflat.co/html/jobtex/home-03.html]
[themesflat.co/html/jobtex/images/review/thumb5.png]
[themesflat.co/html/jobtex/images/review/shape3.png]
[themesflat.co/html/jobtex/images/review/thumb6.png]
[themesflat.co/html/jobtex/images/review/shape4.png]
[themesflat.co/html/jobtex/images/job/img-home-1.jpg]
[themesflat.co/html/jobtex/images/review/thumb2.png]
[themesflat.co/html/jobtex/images/review/shape.png]
[themesflat.co/html/jobtex/images/review/icon1.png]
[themesflat.co/html/jobtex/images/review/lo9.png]
[themesflat.co/html/jobtex/home-04.html]
[themesflat.co/html/jobtex/images/review/thumb22.png]
[themesflat.co/html/jobtex/images/review/lo7.jpg]
[themesflat.co/html/jobtex/images/review/lo8.jpg]
[themesflat.co/html/jobtex/home-05.html]
[themesflat.co/html/jobtex/javascript/maps.js]
[themesflat.co/html/jobtex/javascript/infobox.min.js]
[themesflat.co/html/jobtex/javascript/marker.js]
[themesflat.co/html/jobtex/home-06.html]
[themesflat.co/html/jobtex/images/review/icon6.png]
[themesflat.co/html/jobtex/images/review/icon5.png]
[themesflat.co/html/jobtex/images/review/map.png]
[themesflat.co/html/jobtex/images/review/user6.jpg]
[themesflat.co/html/jobtex/images/review/user7.jpg]
[themesflat.co/html/jobtex/images/blog/news-01.jpg]
[themesflat.co/html/jobtex/images/blog/news-02.jpg]
[themesflat.co/html/jobtex/images/blog/news-03.jpg]
[themesflat.co/html/jobtex/home-07.html]
[themesflat.co/html/jobtex/home-08.html]
[themesflat.co/html/jobtex/home-01.e6.delayed]
[themesflat.co/html/jobtex/home-10.html]
[themesflat.co/html/jobtex/find-jobs-list.html]
[themesflat.co/html/jobtex/javascript/jquery-ui.min.js]
[themesflat.co/html/jobtex/find-jobs-grid.html]
[themesflat.co/html/jobtex/find-jobs-list-sidebar.html]
[themesflat.co/html/jobtex/find-jobs-grid-sidebar.html]
[themesflat.co/html/jobtex/find-jobs-list-sidebar-fullwidth.html]
[themesflat.co/html/jobtex/find-jobs-grid-sidebar-fullwidth.html]
[themesflat.co/html/jobtex/find-jobs-topmap.html]
[themesflat.co/html/jobtex/find-jobs-topmap-sidebar.html]
[themesflat.co/html/jobtex/find-jobs-half-map.html]
[themesflat.co/html/jobtex/find-jobs-half-map2.html]
[themesflat.co/html/jobtex/images/review/singlejob.jpg]
[themesflat.co/html/jobtex/$.e9.delayed]
[themesflat.co/html/jobtex/jobs-single.html]
[themesflat.co/html/jobtex/jobs-single2.html]
[themesflat.co/html/jobtex/employers-list.html]
[themesflat.co/html/jobtex/stylesheets/jobs.ea.delayed]
[themesflat.co/html/jobtex/javascript/range-side.eb.delayed]
[themesflat.co/html/jobtex/employers_grid.html]
[themesflat.co/html/jobtex/employers-list-sidebar.html]
[themesflat.co/html/jobtex/javascript/jquery.theia.sticky.js.js]
[themesflat.co/html/jobtex/employers-grid-sidebar.html]
[themesflat.co/html/jobtex/employers-grid-fullwidth.html]
[themesflat.co/html/jobtex/employers-topmap.html]
[themesflat.co/html/jobtex/employers-half-map.html]
[themesflat.co/html/jobtex/images/user/avatar/img-5.jpg]
[themesflat.co/html/jobtex/images/user/avatar/image-04.jpg]
[themesflat.co/html/jobtex/employers-single.html]
[themesflat.co/html/jobtex/employers-single2.html]
[themesflat.co/html/jobtex/employers-review.html]
[themesflat.co/html/jobtex/employers-not-pound.html]
[themesflat.co/html/jobtex/dashboard/term-of-use.html]
[themesflat.co/html/jobtex/dashboard/employer-profile-setting.html]
[themesflat.co/html/jobtex/dashboard/employer-post-new-job.html]
[themesflat.co/html/jobtex/dashboard/employer-applicants-jobs.html]
[themesflat.co/html/jobtex/images/dashboard/user-1.jpg]
[themesflat.co/html/jobtex/images/dashboard/user-2.jpg]
[themesflat.co/html/jobtex/images/dashboard/user-3.jpg]
[themesflat.co/html/jobtex/images/dashboard/user-4.jpg]
[themesflat.co/html/jobtex/javascript/area-datetime.js]
[themesflat.co/html/jobtex/javascript/dropdown.js]
[themesflat.co/html/jobtex/javascript/dashboard-menu.min.js]
[themesflat.co/html/jobtex/javascript/dashboard-menu.js]
[themesflat.co/html/jobtex/dashboard/employer-dashboard.html]
[themesflat.co/html/jobtex/images/user/avatar/avt-thumb-01.jpg]
[themesflat.co/html/jobtex/images/review/can1.jpg]
[themesflat.co/html/jobtex/images/review/can2.jpg]
[themesflat.co/html/jobtex/images/review/can3.png]
[themesflat.co/html/jobtex/images/review/can4.jpg]
[themesflat.co/html/jobtex/images/review/can5.jpg]
[themesflat.co/html/jobtex/images/review/can6.jpg]
[themesflat.co/html/jobtex/images/review/can7.jpg]
[themesflat.co/html/jobtex/images/review/can8.jpg]
[themesflat.co/html/jobtex/images/review/can9.jpg]
[themesflat.co/html/jobtex/candidate.html]
[themesflat.co/html/jobtex/images/review/can10.jpg]
[themesflat.co/html/jobtex/images/review/can11.jpg]
[themesflat.co/html/jobtex/images/review/can12.jpg]
[themesflat.co/html/jobtex/images/review/can13.jpg]
[themesflat.co/html/jobtex/images/review/can14.jpg]
[themesflat.co/html/jobtex/images/review/can15.jpg]
[themesflat.co/html/jobtex/images/review/can16.jpg]
[themesflat.co/html/jobtex/images/review/can17.jpg]
[themesflat.co/html/jobtex/candidate-grid.html]
[themesflat.co/html/jobtex/candidate-list-sidebar.html]
[themesflat.co/html/jobtex/javascript/cadidate-map.js]
[themesflat.co/html/jobtex/candidate-top-map.html]
[themesflat.co/html/jobtex/candidate-half-map.html]
[themesflat.co/html/jobtex/candidate-no-available.html]
[themesflat.co/html/jobtex/candidate-no-available2.html]
[themesflat.co/html/jobtex/images/user/avatar/avt-author-1.jpg]
[themesflat.co/html/jobtex/candidate-single.html]
[themesflat.co/html/jobtex/candidate-single2.html]
[themesflat.co/html/jobtex/images/review/cv1.jpg]
[themesflat.co/html/jobtex/images/review/cv2.jpg]
[themesflat.co/html/jobtex/images/review/cv3.jpg]
[themesflat.co/html/jobtex/images/review/cv4.jpg]
[themesflat.co/html/jobtex/images/review/cv5.jpg]
[themesflat.co/html/jobtex/images/review/cv6.jpg]
[themesflat.co/html/jobtex/images/review/cv7.jpg]
[themesflat.co/html/jobtex/sample-cv.html]
[themesflat.co/html/jobtex/sample-cv-sidebar.html]
[themesflat.co/html/jobtex/images/review/cv-avt.jpg]
[themesflat.co/html/jobtex/cv-details.html]
[themesflat.co/html/jobtex/dashboard/candidates-overview.html]
[themesflat.co/html/jobtex/images/dashboard/logo-company-1.png]
[themesflat.co/html/jobtex/images/dashboard/logo-company-2.png]
[themesflat.co/html/jobtex/images/dashboard/logo-company-3.png]
[themesflat.co/html/jobtex/images/dashboard/logo-company-4.png]
[themesflat.co/html/jobtex/dashboard/candidates-dashboard.html]
[themesflat.co/html/jobtex/images/blog/image-01.jpg]
[themesflat.co/html/jobtex/images/blog/image-02.jpg]
[themesflat.co/html/jobtex/images/blog/image-03.jpg]
[themesflat.co/html/jobtex/images/blog/image-04.jpg]
[themesflat.co/html/jobtex/images/blog/image-05.jpg]
[themesflat.co/html/jobtex/images/side-bar/image-01.jpg]
[themesflat.co/html/jobtex/images/side-bar/image-02.jpg]
[themesflat.co/html/jobtex/images/side-bar/image-03.jpg]
[themesflat.co/html/jobtex/blog.html]
[themesflat.co/html/jobtex/images/blog/image-15.jpg]
[themesflat.co/html/jobtex/images/blog/image-16.jpg]
[themesflat.co/html/jobtex/images/blog/image-17.jpg]
[themesflat.co/html/jobtex/images/blog/image-18.jpg]
[themesflat.co/html/jobtex/images/blog/image-19.jpg]
[themesflat.co/html/jobtex/images/blog/image-20.jpg]
[themesflat.co/html/jobtex/images/blog/image-21.jpg]
[themesflat.co/html/jobtex/images/blog/image-22.jpg]
[themesflat.co/html/jobtex/images/blog/image-23.jpg]
[themesflat.co/html/jobtex/blog-grid.html]
[themesflat.co/html/jobtex/images/blog/image-06.jpg]
[themesflat.co/html/jobtex/images/blog/image-07.jpg]
[themesflat.co/html/jobtex/images/blog/image-13.jpg]
[themesflat.co/html/jobtex/images/blog/image-09.jpg]
[themesflat.co/html/jobtex/images/blog/image-10.jpg]
[themesflat.co/html/jobtex/images/blog/image-08.jpg]
[themesflat.co/html/jobtex/images/blog/image-12.jpg]
[themesflat.co/html/jobtex/images/blog/image-11.jpg]
[themesflat.co/html/jobtex/images/blog/image-14.jpg]
[themesflat.co/html/jobtex/blog-masonry.html]
[themesflat.co/html/jobtex/images/blog/blog-detail-01.jpg]
[themesflat.co/html/jobtex/images/blog/blog-detail-02.jpg]
[themesflat.co/html/jobtex/images/blog/blog-detail-03.jpg]
[themesflat.co/html/jobtex/images/user/avatar/image-02.jpg]
[themesflat.co/html/jobtex/images/user/avatar/image-03.jpg]
[themesflat.co/html/jobtex/blog-detail.html]
[themesflat.co/html/jobtex/blog-detail-01.html]
[themesflat.co/html/jobtex/blog-detail-side-bar.html]
[themesflat.co/html/jobtex/images/partners/thum-1.png]
[themesflat.co/html/jobtex/images/job/work-icon-1.jpg]
[themesflat.co/html/jobtex/images/job/work-icon-2.jpg]
[themesflat.co/html/jobtex/images/job/work-icon-3.jpg]
[themesflat.co/html/jobtex/images/partners/page-logo-1.png]
[themesflat.co/html/jobtex/images/partners/page-logo-2.png]
[themesflat.co/html/jobtex/images/partners/page-logo-3.png]
[themesflat.co/html/jobtex/images/partners/page-logo-4.png]
[themesflat.co/html/jobtex/images/partners/page-logo-5.png]
[themesflat.co/html/jobtex/images/partners/page-logo-6.png]
[themesflat.co/html/jobtex/images/partners/page-logo-7.png]
[themesflat.co/html/jobtex/about-us.html]
[themesflat.co/html/jobtex/accordion-page.html]
[themesflat.co/html/jobtex/term-of-use.html]
[themesflat.co/html/jobtex/pricing.html]
[themesflat.co/html/jobtex/images/pages/shop-1.jpg]
[themesflat.co/html/jobtex/images/pages/shop-9.jpg]
[themesflat.co/html/jobtex/images/pages/shop-2.jpg]
[themesflat.co/html/jobtex/images/pages/shop-8.jpg]
[themesflat.co/html/jobtex/images/pages/shop-3.jpg]
[themesflat.co/html/jobtex/images/pages/shop-7.jpg]
[themesflat.co/html/jobtex/images/pages/shop-4.jpg]
[themesflat.co/html/jobtex/images/pages/shop-6.jpg]
[themesflat.co/html/jobtex/images/pages/shop-5.jpg]
[themesflat.co/html/jobtex/shop.html]
[themesflat.co/html/jobtex/images/review/shop1.jpg]
[themesflat.co/html/jobtex/images/review/shop2.jpg]
[themesflat.co/html/jobtex/images/review/shop3.jpg]
[themesflat.co/html/jobtex/images/review/payment.png]
[themesflat.co/html/jobtex/shopping-cart.html]
[themesflat.co/html/jobtex/images/review/shop.jpg]
[themesflat.co/html/jobtex/images/review/avt2.jpg]
[themesflat.co/html/jobtex/images/review/avt3.jpg]
[themesflat.co/html/jobtex/shop-details.html]
[themesflat.co/html/jobtex/checkout.html]
[themesflat.co/html/jobtex/images/review/google.png]
[themesflat.co/html/jobtex/images/review/tweet.png]
[themesflat.co/html/jobtex/javascript/password-addon.js]
[themesflat.co/html/jobtex/login.html]
[themesflat.co/html/jobtex/create-account.html]
[themesflat.co/html/jobtex/contact-us.html]
[themesflat.co/html/jobtex/modal.html]
[themesflat.co/html/jobtex/dashboard.html]
[themesflat.co/html/jobtex/images/dashboard/video-1.jpg]
[themesflat.co/html/jobtex/images/dashboard/video-2.jpg]
[themesflat.co/html/jobtex/images/dashboard/video-3.jpg]
[themesflat.co/html/jobtex/images/dashboard/video-4.jpg]
[themesflat.co/html/jobtex/stylesheets/dashboard.css]
[themesflat.co/html/jobtex/stylesheets/nice-select.css]
[themesflat.co/html/jobtex/fonts/icomoon0a19.eot]
[themesflat.co/html/jobtex/fonts/icomoon0a19.ttf]
[themesflat.co/html/jobtex/fonts/icomoon0a19.woff]
[themesflat.co/html/jobtex/fonts/icon-font.css]
[themesflat.co/html/jobtex/stylesheets/animate.css]
[themesflat.co/html/jobtex/stylesheets/range.slider.css]
[unicons.iconscout.com/release/v4.0.0/css/thinline.css]
[themesflat.co/html/jobtex/images/dashboard/photo-1.jpg]
[themesflat.co/html/jobtex/images/dashboard/photo-2.jpg]
[themesflat.co/html/jobtex/javascript/tag-input.js]
[kit.fontawesome.com/275e820b94.js]
[themesflat.co/html/jobtex/javascript/text-editor.js]
[themesflat.co/html/jobtex/dashboard/candidates-resumes.html]
[themesflat.co/html/jobtex/images/dashboard/image-up.jpg]
[themesflat.co/html/jobtex/dashboard/candidates-profile-setting.html]
[themesflat.co/html/jobtex/images/dashboard/profile-2.jpg]
[themesflat.co/html/jobtex/dashboard/candidates-my-applied.html]
[themesflat.co/html/jobtex/dashboard/candidates-save-jobs.html]
[themesflat.co/html/jobtex/dashboard/candidates-alerts-jobs.html]
[themesflat.co/html/jobtex/images/dashboard/messages-1.jpg]
[themesflat.co/html/jobtex/images/dashboard/messages-2.jpg]
[themesflat.co/html/jobtex/images/dashboard/messages-3.jpg]
[themesflat.co/html/jobtex/javascript/messages.js]
[themesflat.co/html/jobtex/dashboard/candidates-messages.html]
[themesflat.co/html/jobtex/dashboard/candidates-following-employers.html]
[themesflat.co/html/jobtex/dashboard/candidates-meetings.html]
[themesflat.co/html/jobtex/dashboard/candidates-change-passwords.html]
[themesflat.co/html/jobtex/dashboard/home-01.html]
[themesflat.co/html/jobtex/dashboard/images/logo.16e.delayed]
[themesflat.co/html/jobtex/dashboard/candidates-delete-profile.html]
[themesflat.co/html/jobtex/stylesheets/jquery.fancybox.min.css]
[themesflat.co/html/jobtex/dashboard/employer-my-job.html]
[themesflat.co/html/jobtex/images/dashboard/profile-1.jpg]
[themesflat.co/html/jobtex/images/dashboard/sidebar-1.png]
[themesflat.co/html/jobtex/dashboard/employer-profile.html]
[themesflat.co/html/jobtex/dashboard/employer-submit-job.html]
[themesflat.co/html/jobtex/images/dashboard/user-5.jpg]
[themesflat.co/html/jobtex/images/dashboard/user-6.jpg]
[themesflat.co/html/jobtex/images/dashboard/user-7.jpg]
[themesflat.co/html/jobtex/dashboard/employer-saved-candidates.html]
[themesflat.co/html/jobtex/dashboard/employer-alerts-candidate.html]
[themesflat.co/html/jobtex/dashboard/employer-my-packages.html]
[themesflat.co/html/jobtex/dashboard/employer-messages.html]
[themesflat.co/html/jobtex/dashboard/employer-meetings.html]
[themesflat.co/html/jobtex/dashboard/employer-change-passwords.html]
[themesflat.co/html/jobtex/dashboard/employer-delete-profile.html]
[themesflat.co/html/jobtex/dashboard/employer-profile-setting.html]
[themesflat.co/html/jobtex/dashboard/employer-post-new-job.html]
[themesflat.co/html/jobtex/dashboard/employer-applicants-jobs.html]
[themesflat.co/html/jobtex/dashboard/term-of-use.html]
[themesflat.co/html/jobtex/images/dashboard/overview-user.jpg]
[themesflat.co/html/jobtex/images/dashboard/overview-timeline.jpg]
[themesflat.co/html/jobtex/dashboard/candidates-overview.html]
[themesflat.co/html/jobtex/fonts/icomoon0a19.svg]
[unicons.iconscout.com/release/v4.0.0/css/thinline.css]
[themesflat.co/html/jobtex/job-single.html]
[themesflat.co/html/jobtex/dashboard/home-01.html]
[themesflat.co/html/jobtex/dashboard.html]
[themesflat.co/html/jobtex/dashboard.html]
[themesflat.co/html/jobtex/stylesheets/images/resource/company-logo/3-1.html]
[themesflat.co/html/jobtex/home-2.html]
[themesflat.co/html/jobtex/$.html]
[themesflat.co/html/jobtex/stylesheets/jobs.html]
[themesflat.co/html/jobtex/javascript/range-side.html]
[themesflat.co/html/jobtex/dashboard/term-of-use.html]
[themesflat.co/html/jobtex/dashboard/term-of-use.html]
[themesflat.co/html/jobtex/dashboard/home-01.html]
[themesflat.co/html/jobtex/dashboard/home-01.html]
[themesflat.co/html/jobtex/dashboard/images/logo.html]
